Archive member included to satisfy reference by file (symbol)

C:/ST/STM32CubeIDE_1.14.1/STM32CubeIDE/plugins/com.st.stm32cube.ide.mcu.externaltools.gnu-tools-for-stm32.12.3.rel1.win32_1.0.100.202403111256/tools/bin/../lib/gcc/arm-none-eabi/12.3.1/../../../../arm-none-eabi/lib/thumb/v7e-m+fp/hard\libc_nano.a(libc_a-exit.o)
                              C:/ST/STM32CubeIDE_1.14.1/STM32CubeIDE/plugins/com.st.stm32cube.ide.mcu.externaltools.gnu-tools-for-stm32.12.3.rel1.win32_1.0.100.202403111256/tools/bin/../lib/gcc/arm-none-eabi/12.3.1/../../../../arm-none-eabi/lib/thumb/v7e-m+fp/hard/crt0.o (exit)
C:/ST/STM32CubeIDE_1.14.1/STM32CubeIDE/plugins/com.st.stm32cube.ide.mcu.externaltools.gnu-tools-for-stm32.12.3.rel1.win32_1.0.100.202403111256/tools/bin/../lib/gcc/arm-none-eabi/12.3.1/../../../../arm-none-eabi/lib/thumb/v7e-m+fp/hard\libc_nano.a(libc_a-findfp.o)
                              C:/ST/STM32CubeIDE_1.14.1/STM32CubeIDE/plugins/com.st.stm32cube.ide.mcu.externaltools.gnu-tools-for-stm32.12.3.rel1.win32_1.0.100.202403111256/tools/bin/../lib/gcc/arm-none-eabi/12.3.1/../../../../arm-none-eabi/lib/thumb/v7e-m+fp/hard\libc_nano.a(libc_a-exit.o) (__stdio_exit_handler)
C:/ST/STM32CubeIDE_1.14.1/STM32CubeIDE/plugins/com.st.stm32cube.ide.mcu.externaltools.gnu-tools-for-stm32.12.3.rel1.win32_1.0.100.202403111256/tools/bin/../lib/gcc/arm-none-eabi/12.3.1/../../../../arm-none-eabi/lib/thumb/v7e-m+fp/hard\libc_nano.a(libc_a-fwalk.o)
                              C:/ST/STM32CubeIDE_1.14.1/STM32CubeIDE/plugins/com.st.stm32cube.ide.mcu.externaltools.gnu-tools-for-stm32.12.3.rel1.win32_1.0.100.202403111256/tools/bin/../lib/gcc/arm-none-eabi/12.3.1/../../../../arm-none-eabi/lib/thumb/v7e-m+fp/hard\libc_nano.a(libc_a-findfp.o) (_fwalk_sglue)
C:/ST/STM32CubeIDE_1.14.1/STM32CubeIDE/plugins/com.st.stm32cube.ide.mcu.externaltools.gnu-tools-for-stm32.12.3.rel1.win32_1.0.100.202403111256/tools/bin/../lib/gcc/arm-none-eabi/12.3.1/../../../../arm-none-eabi/lib/thumb/v7e-m+fp/hard\libc_nano.a(libc_a-stdio.o)
                              C:/ST/STM32CubeIDE_1.14.1/STM32CubeIDE/plugins/com.st.stm32cube.ide.mcu.externaltools.gnu-tools-for-stm32.12.3.rel1.win32_1.0.100.202403111256/tools/bin/../lib/gcc/arm-none-eabi/12.3.1/../../../../arm-none-eabi/lib/thumb/v7e-m+fp/hard\libc_nano.a(libc_a-findfp.o) (__sread)
C:/ST/STM32CubeIDE_1.14.1/STM32CubeIDE/plugins/com.st.stm32cube.ide.mcu.externaltools.gnu-tools-for-stm32.12.3.rel1.win32_1.0.100.202403111256/tools/bin/../lib/gcc/arm-none-eabi/12.3.1/../../../../arm-none-eabi/lib/thumb/v7e-m+fp/hard\libc_nano.a(libc_a-memset.o)
                              C:/ST/STM32CubeIDE_1.14.1/STM32CubeIDE/plugins/com.st.stm32cube.ide.mcu.externaltools.gnu-tools-for-stm32.12.3.rel1.win32_1.0.100.202403111256/tools/bin/../lib/gcc/arm-none-eabi/12.3.1/../../../../arm-none-eabi/lib/thumb/v7e-m+fp/hard/crt0.o (memset)
C:/ST/STM32CubeIDE_1.14.1/STM32CubeIDE/plugins/com.st.stm32cube.ide.mcu.externaltools.gnu-tools-for-stm32.12.3.rel1.win32_1.0.100.202403111256/tools/bin/../lib/gcc/arm-none-eabi/12.3.1/../../../../arm-none-eabi/lib/thumb/v7e-m+fp/hard\libc_nano.a(libc_a-closer.o)
                              C:/ST/STM32CubeIDE_1.14.1/STM32CubeIDE/plugins/com.st.stm32cube.ide.mcu.externaltools.gnu-tools-for-stm32.12.3.rel1.win32_1.0.100.202403111256/tools/bin/../lib/gcc/arm-none-eabi/12.3.1/../../../../arm-none-eabi/lib/thumb/v7e-m+fp/hard\libc_nano.a(libc_a-stdio.o) (_close_r)
C:/ST/STM32CubeIDE_1.14.1/STM32CubeIDE/plugins/com.st.stm32cube.ide.mcu.externaltools.gnu-tools-for-stm32.12.3.rel1.win32_1.0.100.202403111256/tools/bin/../lib/gcc/arm-none-eabi/12.3.1/../../../../arm-none-eabi/lib/thumb/v7e-m+fp/hard\libc_nano.a(libc_a-reent.o)
                              C:/ST/STM32CubeIDE_1.14.1/STM32CubeIDE/plugins/com.st.stm32cube.ide.mcu.externaltools.gnu-tools-for-stm32.12.3.rel1.win32_1.0.100.202403111256/tools/bin/../lib/gcc/arm-none-eabi/12.3.1/../../../../arm-none-eabi/lib/thumb/v7e-m+fp/hard\libc_nano.a(libc_a-closer.o) (errno)
C:/ST/STM32CubeIDE_1.14.1/STM32CubeIDE/plugins/com.st.stm32cube.ide.mcu.externaltools.gnu-tools-for-stm32.12.3.rel1.win32_1.0.100.202403111256/tools/bin/../lib/gcc/arm-none-eabi/12.3.1/../../../../arm-none-eabi/lib/thumb/v7e-m+fp/hard\libc_nano.a(libc_a-impure.o)
                              C:/ST/STM32CubeIDE_1.14.1/STM32CubeIDE/plugins/com.st.stm32cube.ide.mcu.externaltools.gnu-tools-for-stm32.12.3.rel1.win32_1.0.100.202403111256/tools/bin/../lib/gcc/arm-none-eabi/12.3.1/../../../../arm-none-eabi/lib/thumb/v7e-m+fp/hard\libc_nano.a(libc_a-reent.o) (_impure_ptr)
C:/ST/STM32CubeIDE_1.14.1/STM32CubeIDE/plugins/com.st.stm32cube.ide.mcu.externaltools.gnu-tools-for-stm32.12.3.rel1.win32_1.0.100.202403111256/tools/bin/../lib/gcc/arm-none-eabi/12.3.1/../../../../arm-none-eabi/lib/thumb/v7e-m+fp/hard\libc_nano.a(libc_a-lseekr.o)
[...]
Memory Configuration

Name             Origin             Length             Attributes
CCMRAM           0x10000000         0x00010000         xrw
RAM              0x20000000         0x00020000         xrw
FLASH            0x08000000         0x00100000         xr
*default*        0x00000000         0xffffffff

Linker script and memory map

LOAD C:/ST/STM32CubeIDE_1.14.1/STM32CubeIDE/plugins/com.st.stm32cube.ide.mcu.externaltools.gnu-tools-for-stm32.12.3.rel1.win32_1.0.100.202403111256/tools/bin/../lib/gcc/arm-none-eabi/12.3.1/thumb/v7e-m+fp/hard/crti.o
LOAD C:/ST/STM32CubeIDE_1.14.1/STM32CubeIDE/plugins/com.st.stm32cube.ide.mcu.externaltools.gnu-tools-for-stm32.12.3.rel1.win32_1.0.100.202403111256/tools/bin/../lib/gcc/arm-none-eabi/12.3.1/thumb/v7e-m+fp/hard/crtbegin.o
LOAD C:/ST/STM32CubeIDE_1.14.1/STM32CubeIDE/plugins/com.st.stm32cube.ide.mcu.externaltools.gnu-tools-for-stm32.12.3.rel1.win32_1.0.100.202403111256/tools/bin/../lib/gcc/arm-none-eabi/12.3.1/../../../../arm-none-eabi/lib/thumb/v7e-m+fp/hard/crt0.o
LOAD ./Drivers/Src/stm32f407xx_gpio_driver.o
LOAD ./Drivers/Src/stm32f407xx_i2c_driver.o
LOAD ./Drivers/Src/stm32f407xx_rcc_driver.o
LOAD ./Drivers/Src/stm32f407xx_spi_driver.o
LOAD ./Drivers/Src/stm32f407xx_usart_driver.o
LOAD ./Src/003SPI_CMD_Handling.o
LOAD ./Src/005I2C_Master_Rx_Arduino.o
LOAD ./Src/syscalls.o
LOAD ./Src/sysmem.o
LOAD ./Startup/startup_stm32f407vgtx.o
START GROUP
LOAD C:/ST/STM32CubeIDE_1.14.1/STM32CubeIDE/plugins/com.st.stm32cube.ide.mcu.externaltools.gnu-tools-for-stm32.12.3.rel1.win32_1.0.100.202403111256/tools/bin/../lib/gcc/arm-none-eabi/12.3.1/../../../../arm-none-eabi/lib/thumb/v7e-m+fp/hard\libc_nano.a
LOAD C:/ST/STM32CubeIDE_1.14.1/STM32CubeIDE/plugins/com.st.stm32cube.ide.mcu.externaltools.gnu-tools-for-stm32.12.3.rel1.win32_1.0.100.202403111256/tools/bin/../lib/gcc/arm-none-eabi/12.3.1/../../../../arm-none-eabi/lib/thumb/v7e-m+fp/hard\libm.a
END GROUP
START GROUP
LOAD C:/ST/STM32CubeIDE_1.14.1/STM32CubeIDE/plugins/com.st.stm32cube.ide.mcu.externaltools.gnu-tools-for-stm32.12.3.rel1.win32_1.0.100.202403111256/tools/bin/../lib/gcc/arm-none-eabi/12.3.1/thumb/v7e-m+fp/hard\libgcc.a
LOAD C:/ST/STM32CubeIDE_1.14.1/STM32CubeIDE/plugins/com.st.stm32cube.ide.mcu.externaltools.gnu-tools-for-stm32.12.3.rel1.win32_1.0.100.202403111256/tools/bin/../lib/gcc/arm-none-eabi/12.3.1/../../../../arm-none-eabi/lib/thumb/v7e-m+fp/hard\libc_nano.a
END GROUP
START GROUP
LOAD C:/ST/STM32CubeIDE_1.14.1/STM32CubeIDE/plugins/com.st.stm32cube.ide.mcu.externaltools.gnu-tools-for-stm32.12.3.rel1.win32_1.0.100.202403111256/tools/bin/../lib/gcc/arm-none-eabi/12.3.1/thumb/v7e-m+fp/hard\libgcc.a
LOAD C:/ST/STM32CubeIDE_1.14.1/STM32CubeIDE/plugins/com.st.stm32cube.ide.mcu.externaltools.gnu-tools-for-stm32.12.3.rel1.win32_1.0.100.202403111256/tools/bin/../lib/gcc/arm-none-eabi/12.3.1/../../../../arm-none-eabi/lib/thumb/v7e-m+fp/hard\libc_nano.a
LOAD C:/ST/STM32CubeIDE_1.14.1/STM32CubeIDE/plugins/com.st.stm32cube.ide.mcu.externaltools.gnu-tools-for-stm32.12.3.rel1.win32_1.0.100.202403111256/tools/bin/../lib/gcc/arm-none-eabi/12.3.1/../../../../arm-none-eabi/lib/thumb/v7e-m+fp/hard\libnosys.a
END GROUP
START GROUP
LOAD C:/ST/STM32CubeIDE_1.14.1/STM32CubeIDE/plugins/com.st.stm32cube.ide.mcu.externaltools.gnu-tools-for-stm32.12.3.rel1.win32_1.0.100.202403111256/tools/bin/../lib/gcc/arm-none-eabi/12.3.1/thumb/v7e-m+fp/hard\libgcc.a
LOAD C:/ST/STM32CubeIDE_1.14.1/STM32CubeIDE/plugins/com.st.stm32cube.ide.mcu.externaltools.gnu-tools-for-stm32.12.3.rel1.win32_1.0.100.202403111256/tools/bin/../lib/gcc/arm-none-eabi/12.3.1/../../../../arm-none-eabi/lib/thumb/v7e-m+fp/hard\libc_nano.a
LOAD C:/ST/STM32CubeIDE_1.14.1/STM32CubeIDE/plugins/com.st.stm32cube.ide.mcu.externaltools.gnu-tools-for-stm32.12.3.rel1.win32_1.0.100.202403111256/tools/bin/../lib/gcc/arm-none-eabi/12.3.1/../../../../arm-none-eabi/lib/thumb/v7e-m+fp/hard\libnosys.a
END GROUP
LOAD C:/ST/STM32CubeIDE_1.14.1/STM32CubeIDE/plugins/com.st.stm32cube.ide.mcu.externaltools.gnu-tools-for-stm32.12.3.rel1.win32_1.0.100.202403111256/tools/bin/../lib/gcc/arm-none-eabi/12.3.1/thumb/v7e-m+fp/hard/crtend.o
LOAD C:/ST/STM32CubeIDE_1.14.1/STM32CubeIDE/plugins/com.st.stm32cube.ide.mcu.externaltools.gnu-tools-for-stm32.12.3.rel1.win32_1.0.100.202403111256/tools/bin/../lib/gcc/arm-none-eabi/12.3.1/thumb/v7e-m+fp/hard/crtn.o
                0x20020000                        _estack = (ORIGIN (RAM) + LENGTH (RAM))
                0x00000200                        _Min_Heap_Size = 0x200
                0x00000400                        _Min_Stack_Size = 0x400

.isr_vector     0x08000000      0x188
                0x08000000                        . = ALIGN (0x4)
 *(.isr_vector)
 .isr_vector    0x08000000      0x188 ./Startup/startup_stm32f407vgtx.o
                0x08000000                g_pfnVectors
                0x08000188                        . = ALIGN (0x4)

.text           0x08000188      0xe5c
                0x08000188                        . = ALIGN (0x4)
 *(.text)
 .text          0x08000188       0x40 C:/ST/STM32CubeIDE_1.14.1/STM32CubeIDE/plugins/com.st.stm32cube.ide.mcu.externaltools.gnu-tools-for-stm32.12.3.rel1.win32_1.0.100.202403111256/tools/bin/../lib/gcc/arm-none-eabi/12.3.1/thumb/v7e-m+fp/hard/crtbegin.o
 *(.text*)
 .text.GPIO_PClk_Control
                0x080001c8      0x208 ./Drivers/Src/stm32f407xx_gpio_driver.o
                0x080001c8                GPIO_PClk_Control
 .text.GPIO_Init
                0x080003d0      0x344 ./Drivers/Src/stm32f407xx_gpio_driver.o
                0x080003d0                GPIO_Init
 .text.GPIO_ReadFromInputPin
                0x08000714       0x2a ./Drivers/Src/stm32f407xx_gpio_driver.o
                0x08000714                GPIO_ReadFromInputPin
 *fill*         0x0800073e        0x2 
 .text.I2C_PeriClockControl
                0x08000740       0xa8 ./Drivers/Src/stm32f407xx_i2c_driver.o
                0x08000740                I2C_PeriClockControl
 .text.I2C_Init
                0x080007e8      0x184 ./Drivers/Src/stm32f407xx_i2c_driver.o
                0x080007e8                I2C_Init
 .text.I2C_GetFlagStatus
                0x0800096c       0x2a ./Drivers/Src/stm32f407xx_i2c_driver.o
 .text.I2C_GenerateStartCondition
                0x08000996       0x20 ./Drivers/Src/stm32f407xx_i2c_driver.o
 .text.I2C_ClearADDRFlag
                0x080009b6       0x6e ./Drivers/Src/stm32f407xx_i2c_driver.o
 .text.I2C_GenerateStopCondition
                0x08000a24       0x20 ./Drivers/Src/stm32f407xx_i2c_driver.o
 .text.I2C_ExecuteAddressPhaseWrite
                0x08000a44       0x2c ./Drivers/Src/stm32f407xx_i2c_driver.o
 .text.I2C_ExecuteAddressPhaseRead
                0x08000a70       0x2c ./Drivers/Src/stm32f407xx_i2c_driver.o
 .text.I2C_ControlACKing
                0x08000a9c       0x38 ./Drivers/Src/stm32f407xx_i2c_driver.o
                0x08000a9c                I2C_ControlACKing
 .text.I2C_MasterSendData
                0x08000ad4       0xc6 ./Drivers/Src/stm32f407xx_i2c_driver.o
                0x08000ad4                I2C_MasterSendData
 .text.I2C_MasterReceiveData
                0x08000b9a      0x124 ./Drivers/Src/stm32f407xx_i2c_driver.o
                0x08000b9a                I2C_MasterReceiveData
 .text.I2C_PeripheralControl
                0x08000cbe       0x38 ./Drivers/Src/stm32f407xx_i2c_driver.o
                0x08000cbe                I2C_PeripheralControl
 .text.RCC_GetPLLOutputClock
                0x08000cf6       0x10 ./Drivers/Src/stm32f407xx_rcc_driver.o
                0x08000cf6                RCC_GetPLLOutputClock
 *fill*         0x08000d06        0x2 
 .text.RCC_GetPCKL1Value
                0x08000d08       0xb4 ./Drivers/Src/stm32f407xx_rcc_driver.o
                0x08000d08                RCC_GetPCKL1Value
 .text.delay    0x08000dbc       0x2c ./Src/005I2C_Master_Rx_Arduino.o
                0x08000dbc                delay
 .text.I2C1_GPIOInits
                0x08000de8       0x44 ./Src/005I2C_Master_Rx_Arduino.o
                0x08000de8                I2C1_GPIOInits
 .text.I2C1_Inits
                0x08000e2c       0x38 ./Src/005I2C_Master_Rx_Arduino.o
                0x08000e2c                I2C1_Inits
 .text.GPIO_ButtonInit
                0x08000e64       0x30 ./Src/005I2C_Master_Rx_Arduino.o
                0x08000e64                GPIO_ButtonInit
 .text.main     0x08000e94       0x9c ./Src/005I2C_Master_Rx_Arduino.o
                0x08000e94                main
 .text.Reset_Handler
                0x08000f30       0x50 ./Startup/startup_stm32f407vgtx.o
                0x08000f30                Reset_Handler
 .text.Default_Handler
                0x08000f80        0x2 ./Startup/startup_stm32f407vgtx.o
                0x08000f80                RTC_Alarm_IRQHandler
                0x08000f80                HASH_RNG_IRQHandler
                0x08000f80                EXTI2_IRQHandler
                0x08000f80                TIM8_CC_IRQHandler
                0x08000f80                DebugMon_Handler
                0x08000f80                TIM1_CC_IRQHandler
                0x08000f80                DMA2_Stream5_IRQHandler
                0x08000f80                HardFault_Handler
                0x08000f80                DMA1_Stream5_IRQHandler
                0x08000f80                SysTick_Handler
                0x08000f80                PVD_IRQHandler
                0x08000f80                SDIO_IRQHandler
                0x08000f80                TAMP_STAMP_IRQHandler
                0x08000f80                PendSV_Handler
                0x08000f80                NMI_Handler
                0x08000f80                CAN2_RX1_IRQHandler
                0x08000f80                EXTI3_IRQHandler
                0x08000f80                TIM8_TRG_COM_TIM14_IRQHandler
                0x08000f80                TIM1_UP_TIM10_IRQHandler
                0x08000f80                TIM8_UP_TIM13_IRQHandler
                0x08000f80                I2C3_ER_IRQHandler
                0x08000f80                EXTI0_IRQHandler
                0x08000f80                I2C2_EV_IRQHandler
                0x08000f80                DMA1_Stream2_IRQHandler
                0x08000f80                CAN1_RX0_IRQHandler
                0x08000f80                FPU_IRQHandler
                0x08000f80                OTG_HS_WKUP_IRQHandler
                0x08000f80                UsageFault_Handler
                0x08000f80                CAN2_SCE_IRQHandler
                0x08000f80                DMA2_Stream2_IRQHandler
                0x08000f80                SPI1_IRQHandler
                0x08000f80                TIM6_DAC_IRQHandler
                0x08000f80                TIM1_BRK_TIM9_IRQHandler
                0x08000f80                DCMI_IRQHandler
                0x08000f80                CAN2_RX0_IRQHandler
                0x08000f80                DMA2_Stream3_IRQHandler
                0x08000f80                USART6_IRQHandler
                0x08000f80                USART3_IRQHandler
                0x08000f80                CRYP_IRQHandler
                0x08000f80                CAN1_RX1_IRQHandler
                0x08000f80                UART5_IRQHandler
                0x08000f80                DMA2_Stream0_IRQHandler
                0x08000f80                TIM4_IRQHandler
                0x08000f80                I2C1_EV_IRQHandler
                0x08000f80                DMA1_Stream6_IRQHandler
                0x08000f80                DMA1_Stream1_IRQHandler
                0x08000f80                UART4_IRQHandler
                0x08000f80                TIM3_IRQHandler
                0x08000f80                RCC_IRQHandler
                0x08000f80                TIM8_BRK_TIM12_IRQHandler
                0x08000f80                Default_Handler
                0x08000f80                EXTI15_10_IRQHandler
                0x08000f80                ADC_IRQHandler
                0x08000f80                DMA1_Stream7_IRQHandler
                0x08000f80                TIM7_IRQHandler
                0x08000f80                CAN2_TX_IRQHandler
                0x08000f80                TIM5_IRQHandler
                0x08000f80                DMA2_Stream7_IRQHandler
                0x08000f80                I2C3_EV_IRQHandler
                0x08000f80                EXTI9_5_IRQHandler
                0x08000f80                RTC_WKUP_IRQHandler
                0x08000f80                ETH_WKUP_IRQHandler
                0x08000f80                SPI2_IRQHandler
                0x08000f80                OTG_HS_EP1_IN_IRQHandler
                0x08000f80                MemManage_Handler
                0x08000f80                DMA1_Stream0_IRQHandler
                0x08000f80                CAN1_TX_IRQHandler
                0x08000f80                SVC_Handler
                0x08000f80                EXTI4_IRQHandler
                0x08000f80                FSMC_IRQHandler
                0x08000f80                ETH_IRQHandler
                0x08000f80                OTG_HS_EP1_OUT_IRQHandler
                0x08000f80                WWDG_IRQHandler
                0x08000f80                TIM2_IRQHandler
                0x08000f80                OTG_FS_WKUP_IRQHandler
                0x08000f80                TIM1_TRG_COM_TIM11_IRQHandler
                0x08000f80                OTG_HS_IRQHandler
                0x08000f80                EXTI1_IRQHandler
                0x08000f80                USART2_IRQHandler
                0x08000f80                I2C2_ER_IRQHandler
                0x08000f80                DMA2_Stream1_IRQHandler
                0x08000f80                CAN1_SCE_IRQHandler
                0x08000f80                DMA2_Stream4_IRQHandler
                0x08000f80                BusFault_Handler
                0x08000f80                USART1_IRQHandler
                0x08000f80                OTG_FS_IRQHandler
                0x08000f80                SPI3_IRQHandler
                0x08000f80                DMA1_Stream4_IRQHandler
                0x08000f80                I2C1_ER_IRQHandler
                0x08000f80                DMA2_Stream6_IRQHandler
                0x08000f80                DMA1_Stream3_IRQHandler
 *fill*         0x08000f82        0x2 
 .text.__libc_init_array
                0x08000f84       0x48 C:/ST/STM32CubeIDE_1.14.1/STM32CubeIDE/plugins/com.st.stm32cube.ide.mcu.externaltools.gnu-tools-for-stm32.12.3.rel1.win32_1.0.100.202403111256/tools/bin/../lib/gcc/arm-none-eabi/12.3.1/../../../../arm-none-eabi/lib/thumb/v7e-m+fp/hard\libc_nano.a(libc_a-init.o)
                0x08000f84                __libc_init_array
 *(.glue_7)
 .glue_7        0x08000fcc        0x0 linker stubs
 *(.glue_7t)
 .glue_7t       0x08000fcc        0x0 linker stubs
 *(.eh_frame)
 .eh_frame      0x08000fcc        0x0 C:/ST/STM32CubeIDE_1.14.1/STM32CubeIDE/plugins/com.st.stm32cube.ide.mcu.externaltools.gnu-tools-for-stm32.12.3.rel1.win32_1.0.100.202403111256/tools/bin/../lib/gcc/arm-none-eabi/12.3.1/thumb/v7e-m+fp/hard/crtbegin.o
 *(.init)
 .init          0x08000fcc        0x4 C:/ST/STM32CubeIDE_1.14.1/STM32CubeIDE/plugins/com.st.stm32cube.ide.mcu.externaltools.gnu-tools-for-stm32.12.3.rel1.win32_1.0.100.202403111256/tools/bin/../lib/gcc/arm-none-eabi/12.3.1/thumb/v7e-m+fp/hard/crti.o
                0x08000fcc                _init
 .init          0x08000fd0        0x8 C:/ST/STM32CubeIDE_1.14.1/STM32CubeIDE/plugins/com.st.stm32cube.ide.mcu.externaltools.gnu-tools-for-stm32.12.3.rel1.win32_1.0.100.202403111256/tools/bin/../lib/gcc/arm-none-eabi/12.3.1/thumb/v7e-m+fp/hard/crtn.o
 *(.fini)
 .fini          0x08000fd8        0x4 C:/ST/STM32CubeIDE_1.14.1/STM32CubeIDE/plugins/com.st.stm32cube.ide.mcu.externaltools.gnu-tools-for-stm32.12.3.rel1.win32_1.0.100.202403111256/tools/bin/../lib/gcc/arm-none-eabi/12.3.1/thumb/v7e-m+fp/hard/crti.o
                0x08000fd8                _fini
 .fini          0x08000fdc        0x8 C:/ST/STM32CubeIDE_1.14.1/STM32CubeIDE/plugins/com.st.stm32cube.ide.mcu.externaltools.gnu-tools-for-stm32.12.3.rel1.win32_1.0.100.202403111256/tools/bin/../lib/gcc/arm-none-eabi/12.3.1/thumb/v7e-m+fp/hard/crtn.o
                0x08000fe4                        . = ALIGN (0x4)
                0x08000fe4                        _etext = .

.vfp11_veneer   0x08000fe4        0x0
 .vfp11_veneer  0x08000fe4        0x0 linker stubs

.v4_bx          0x08000fe4        0x0
 .v4_bx         0x08000fe4        0x0 linker stubs

.iplt           0x08000fe4        0x0
 .iplt          0x08000fe4        0x0 C:/ST/STM32CubeIDE_1.14.1/STM32CubeIDE/plugins/com.st.stm32cube.ide.mcu.externaltools.gnu-tools-for-stm32.12.3.rel1.win32_1.0.100.202403111256/tools/bin/../lib/gcc/arm-none-eabi/12.3.1/thumb/v7e-m+fp/hard/crtbegin.o

.rel.dyn        0x08000fe4        0x0
 .rel.iplt      0x08000fe4        0x0 C:/ST/STM32CubeIDE_1.14.1/STM32CubeIDE/plugins/com.st.stm32cube.ide.mcu.externaltools.gnu-tools-for-stm32.12.3.rel1.win32_1.0.100.202403111256/tools/bin/../lib/gcc/arm-none-eabi/12.3.1/thumb/v7e-m+fp/hard/crtbegin.o

.rodata         0x08000fe4        0x0
                0x08000fe4                        . = ALIGN (0x4)
 *(.rodata)
 *(.rodata*)
                0x08000fe4                        . = ALIGN (0x4)

.ARM.extab      0x08000fe4        0x0
                0x08000fe4                        . = ALIGN (0x4)
 *(.ARM.extab* .gnu.linkonce.armextab.*)
                0x08000fe4                        . = ALIGN (0x4)

.ARM            0x08000fe4        0x0
                0x08000fe4                        . = ALIGN (0x4)
                0x08000fe4                        __exidx_start = .
 *(.ARM.exidx*)
                0x08000fe4                        __exidx_end = .
                0x08000fe4                        . = ALIGN (0x4)

.preinit_array  0x08000fe4        0x0
                0x08000fe4                        . = ALIGN (0x4)
                0x08000fe4                        PROVIDE (__preinit_array_start = .)
 *(.preinit_array*)
                0x08000fe4                        PROVIDE (__preinit_array_end = .)
                0x08000fe4                        . = ALIGN (0x4)

.init_array     0x08000fe4        0x4
                0x08000fe4                        . = ALIGN (0x4)
                0x08000fe4                        PROVIDE (__init_array_start = .)
 *(SORT_BY_NAME(.init_array.*))
 *(.init_array*)
 .init_array    0x08000fe4        0x4 C:/ST/STM32CubeIDE_1.14.1/STM32CubeIDE/plugins/com.st.stm32cube.ide.mcu.externaltools.gnu-tools-for-stm32.12.3.rel1.win32_1.0.100.202403111256/tools/bin/../lib/gcc/arm-none-eabi/12.3.1/thumb/v7e-m+fp/hard/crtbegin.o
                0x08000fe8                        PROVIDE (__init_array_end = .)
                0x08000fe8                        . = ALIGN (0x4)

.fini_array     0x08000fe8        0x4
                0x08000fe8                        . = ALIGN (0x4)
                [!provide]                        PROVIDE (__fini_array_start = .)
 *(SORT_BY_NAME(.fini_array.*))
 *(.fini_array*)
 .fini_array    0x08000fe8        0x4 C:/ST/STM32CubeIDE_1.14.1/STM32CubeIDE/plugins/com.st.stm32cube.ide.mcu.externaltools.gnu-tools-for-stm32.12.3.rel1.win32_1.0.100.202403111256/tools/bin/../lib/gcc/arm-none-eabi/12.3.1/thumb/v7e-m+fp/hard/crtbegin.o
                [!provide]                        PROVIDE (__fini_array_end = .)
                0x08000fec                        . = ALIGN (0x4)
                0x08000fec                        _sidata = LOADADDR (.data)

.data           0x20000000       0x30 load address 0x08000fec
                0x20000000                        . = ALIGN (0x4)
                0x20000000                        _sdata = .
 *(.data)
 *(.data*)
 .data.AHB_PreScalers
                0x20000000       0x20 ./Drivers/Src/stm32f407xx_rcc_driver.o
                0x20000000                AHB_PreScalers
 .data.APB1_PreScalers
                0x20000020       0x10 ./Drivers/Src/stm32f407xx_rcc_driver.o
                0x20000020                APB1_PreScalers
 *(.RamFunc)
 *(.RamFunc*)
                0x20000030                        . = ALIGN (0x4)
                0x20000030                        _edata = .
                0x0800101c                        _siccmram = LOADADDR (.ccmram)

.igot.plt       0x20000030        0x0 load address 0x0800101c
 .igot.plt      0x20000030        0x0 C:/ST/STM32CubeIDE_1.14.1/STM32CubeIDE/plugins/com.st.stm32cube.ide.mcu.externaltools.gnu-tools-for-stm32.12.3.rel1.win32_1.0.100.202403111256/tools/bin/../lib/gcc/arm-none-eabi/12.3.1/thumb/v7e-m+fp/hard/crtbegin.o

.ccmram         0x10000000        0x0 load address 0x0800101c
                0x10000000                        . = ALIGN (0x4)
                0x10000000                        _sccmram = .
 *(.ccmram)
 *(.ccmram*)
                0x10000000                        . = ALIGN (0x4)
                0x10000000                        _eccmram = .
                0x10000000                        . = ALIGN (0x4)

.bss            0x20000030       0x64
                0x20000030                        _sbss = .
                0x20000030                        __bss_start__ = _sbss
 *(.bss)
 .bss           0x20000030       0x1c C:/ST/STM32CubeIDE_1.14.1/STM32CubeIDE/plugins/com.st.stm32cube.ide.mcu.externaltools.gnu-tools-for-stm32.12.3.rel1.win32_1.0.100.202403111256/tools/bin/../lib/gcc/arm-none-eabi/12.3.1/thumb/v7e-m+fp/hard/crtbegin.o
 *(.bss*)
 .bss.I2C1Handle
                0x2000004c       0x28 ./Src/005I2C_Master_Rx_Arduino.o
                0x2000004c                I2C1Handle
 .bss.rcv_buf   0x20000074       0x20 ./Src/005I2C_Master_Rx_Arduino.o
                0x20000074                rcv_buf
 *(COMMON)
                0x20000094                        . = ALIGN (0x4)
                0x20000094                        _ebss = .
                0x20000094                        __bss_end__ = _ebss

._user_heap_stack
                0x20000094      0x604
                0x20000098                        . = ALIGN (0x8)
 *fill*         0x20000094        0x4 
                [!provide]                        PROVIDE (end = .)
                0x20000098                        PROVIDE (_end = .)
                0x20000298                        . = (. + _Min_Heap_Size)
 *fill*         0x20000098      0x200 
                0x20000698                        . = (. + _Min_Stack_Size)
 *fill*         0x20000298      0x400 
                0x20000698                        . = ALIGN (0x8)

/DISCARD/
 libc.a(*)
 libm.a(*)
 libgcc.a(*)

.ARM.attributes
                0x00000000       0x30
 *(.ARM.attributes)
 .ARM.attributes
                0x00000000       0x22 C:/ST/STM32CubeIDE_1.14.1/STM32CubeIDE/plugins/com.st.stm32cube.ide.mcu.externaltools.gnu-tools-for-stm32.12.3.rel1.win32_1.0.100.202403111256/tools/bin/../lib/gcc/arm-none-eabi/12.3.1/thumb/v7e-m+fp/hard/crti.o
 .ARM.attributes
                0x00000022       0x34 C:/ST/STM32CubeIDE_1.14.1/STM32CubeIDE/plugins/com.st.stm32cube.ide.mcu.externaltools.gnu-tools-for-stm32.12.3.rel1.win32_1.0.100.202403111256/tools/bin/../lib/gcc/arm-none-eabi/12.3.1/thumb/v7e-m+fp/hard/crtbegin.o
 .ARM.attributes
                0x00000056       0x34 ./Drivers/Src/stm32f407xx_gpio_driver.o
 .ARM.attributes
                0x0000008a       0x34 ./Drivers/Src/stm32f407xx_i2c_driver.o
 .ARM.attributes
                0x000000be       0x34 ./Drivers/Src/stm32f407xx_rcc_driver.o
 .ARM.attributes
                0x000000f2       0x34 ./Src/005I2C_Master_Rx_Arduino.o
 .ARM.attributes
                0x00000126       0x21 ./Startup/startup_stm32f407vgtx.o
 .ARM.attributes
                0x00000147       0x34 C:/ST/STM32CubeIDE_1.14.1/STM32CubeIDE/plugins/com.st.stm32cube.ide.mcu.externaltools.gnu-tools-for-stm32.12.3.rel1.win32_1.0.100.202403111256/tools/bin/../lib/gcc/arm-none-eabi/12.3.1/../../../../arm-none-eabi/lib/thumb/v7e-m+fp/hard\libc_nano.a(libc_a-init.o)
 .ARM.attributes
                0x0000017b       0x22 C:/ST/STM32CubeIDE_1.14.1/STM32CubeIDE/plugins/com.st.stm32cube.ide.mcu.externaltools.gnu-tools-for-stm32.12.3.rel1.win32_1.0.100.202403111256/tools/bin/../lib/gcc/arm-none-eabi/12.3.1/thumb/v7e-m+fp/hard/crtn.o
OUTPUT(STM32F407xx driver.elf elf32-littlearm)
LOAD linker stubs
LOAD C:/ST/STM32CubeIDE_1.14.1/STM32CubeIDE/plugins/com.st.stm32cube.ide.mcu.externaltools.gnu-tools-for-stm32.12.3.rel1.win32_1.0.100.202403111256/tools/bin/../lib/gcc/arm-none-eabi/12.3.1/../../../../arm-none-eabi/lib/thumb/v7e-m+fp/hard\libc.a
LOAD C:/ST/STM32CubeIDE_1.14.1/STM32CubeIDE/plugins/com.st.stm32cube.ide.mcu.externaltools.gnu-tools-for-stm32.12.3.rel1.win32_1.0.100.202403111256/tools/bin/../lib/gcc/arm-none-eabi/12.3.1/../../../../arm-none-eabi/lib/thumb/v7e-m+fp/hard\libm.a
LOAD C:/ST/STM32CubeIDE_1.14.1/STM32CubeIDE/plugins/com.st.stm32cube.ide.mcu.externaltools.gnu-tools-for-stm32.12.3.rel1.win32_1.0.100.202403111256/tools/bin/../lib/gcc/arm-none-eabi/12.3.1/thumb/v7e-m+fp/hard\libgcc.a

.debug_info     0x00000000     0x1992
 .debug_info    0x00000000      0x6ee ./Drivers/Src/stm32f407xx_gpio_driver.o
 .debug_info    0x000006ee      0x9ed ./Drivers/Src/stm32f407xx_i2c_driver.o
 .debug_info    0x000010db      0x377 ./Drivers/Src/stm32f407xx_rcc_driver.o
 .debug_info    0x00001452      0x510 ./Src/005I2C_Master_Rx_Arduino.o
 .debug_info    0x00001962       0x30 ./Startup/startup_stm32f407vgtx.o

.debug_abbrev   0x00000000      0x68a
 .debug_abbrev  0x00000000      0x17a ./Drivers/Src/stm32f407xx_gpio_driver.o
 .debug_abbrev  0x0000017a      0x292 ./Drivers/Src/stm32f407xx_i2c_driver.o
 .debug_abbrev  0x0000040c       0xe9 ./Drivers/Src/stm32f407xx_rcc_driver.o
 .debug_abbrev  0x000004f5      0x171 ./Src/005I2C_Master_Rx_Arduino.o
 .debug_abbrev  0x00000666       0x24 ./Startup/startup_stm32f407vgtx.o

.debug_aranges  0x00000000      0x1e8
 .debug_aranges
                0x00000000       0x70 ./Drivers/Src/stm32f407xx_gpio_driver.o
 .debug_aranges
                0x00000070       0xe0 ./Drivers/Src/stm32f407xx_i2c_driver.o
 .debug_aranges
                0x00000150       0x30 ./Drivers/Src/stm32f407xx_rcc_driver.o
 .debug_aranges
                0x00000180       0x40 ./Src/005I2C_Master_Rx_Arduino.o
 .debug_aranges
                0x000001c0       0x28 ./Startup/startup_stm32f407vgtx.o

.debug_rnglists
                0x00000000      0x167
 .debug_rnglists
                0x00000000       0x53 ./Drivers/Src/stm32f407xx_gpio_driver.o
 .debug_rnglists
                0x00000053       0xae ./Drivers/Src/stm32f407xx_i2c_driver.o
 .debug_rnglists
                0x00000101       0x21 ./Drivers/Src/stm32f407xx_rcc_driver.o
 .debug_rnglists
                0x00000122       0x2c ./Src/005I2C_Master_Rx_Arduino.o
 .debug_rnglists
                0x0000014e       0x19 ./Startup/startup_stm32f407vgtx.o

.debug_macro    0x00000000     0x34b4
 .debug_macro   0x00000000       0xcc ./Drivers/Src/stm32f407xx_gpio_driver.o
 .debug_macro   0x000000cc      0xac0 ./Drivers/Src/stm32f407xx_gpio_driver.o
 .debug_macro   0x00000b8c       0x22 ./Drivers/Src/stm32f407xx_gpio_driver.o
 .debug_macro   0x00000bae       0x8e ./Drivers/Src/stm32f407xx_gpio_driver.o
 .debug_macro   0x00000c3c       0x51 ./Drivers/Src/stm32f407xx_gpio_driver.o
 .debug_macro   0x00000c8d      0x103 ./Drivers/Src/stm32f407xx_gpio_driver.o
 .debug_macro   0x00000d90       0x6a ./Drivers/Src/stm32f407xx_gpio_driver.o
 .debug_macro   0x00000dfa      0x1df ./Drivers/Src/stm32f407xx_gpio_driver.o
 .debug_macro   0x00000fd9      0x189 ./Drivers/Src/stm32f407xx_gpio_driver.o
 .debug_macro   0x00001162      0x7aa ./Drivers/Src/stm32f407xx_gpio_driver.o
 .debug_macro   0x0000190c       0xca ./Drivers/Src/stm32f407xx_gpio_driver.o
 .debug_macro   0x000019d6       0xd0 ./Drivers/Src/stm32f407xx_gpio_driver.o
 .debug_macro   0x00001aa6      0x106 ./Drivers/Src/stm32f407xx_gpio_driver.o
 .debug_macro   0x00001bac      0x124 ./Drivers/Src/stm32f407xx_gpio_driver.o
 .debug_macro   0x00001cd0       0xc2 ./Drivers/Src/stm32f407xx_i2c_driver.o
 .debug_macro   0x00001d92       0xd0 ./Drivers/Src/stm32f407xx_i2c_driver.o
 .debug_macro   0x00001e62       0xc6 ./Drivers/Src/stm32f407xx_rcc_driver.o
 .debug_macro   0x00001f28      0x1d0 ./Src/005I2C_Master_Rx_Arduino.o
 .debug_macro   0x000020f8       0x5b ./Src/005I2C_Master_Rx_Arduino.o
 .debug_macro   0x00002153       0x2a ./Src/005I2C_Master_Rx_Arduino.o
 .debug_macro   0x0000217d       0x94 ./Src/005I2C_Master_Rx_Arduino.o
 .debug_macro   0x00002211       0x43 ./Src/005I2C_Master_Rx_Arduino.o
 .debug_macro   0x00002254       0x34 ./Src/005I2C_Master_Rx_Arduino.o
 .debug_macro   0x00002288       0x16 ./Src/005I2C_Master_Rx_Arduino.o
 .debug_macro   0x0000229e       0x57 ./Src/005I2C_Master_Rx_Arduino.o
 .debug_macro   0x000022f5       0x9e ./Src/005I2C_Master_Rx_Arduino.o
 .debug_macro   0x00002393      0x369 ./Src/005I2C_Master_Rx_Arduino.o
 .debug_macro   0x000026fc      0x10b ./Src/005I2C_Master_Rx_Arduino.o
 .debug_macro   0x00002807       0x10 ./Src/005I2C_Master_Rx_Arduino.o
 .debug_macro   0x00002817       0x16 ./Src/005I2C_Master_Rx_Arduino.o
 .debug_macro   0x0000282d       0x43 ./Src/005I2C_Master_Rx_Arduino.o
 .debug_macro   0x00002870       0x34 ./Src/005I2C_Master_Rx_Arduino.o
 .debug_macro   0x000028a4       0x10 ./Src/005I2C_Master_Rx_Arduino.o
 .debug_macro   0x000028b4       0x58 ./Src/005I2C_Master_Rx_Arduino.o
 .debug_macro   0x0000290c       0x8e ./Src/005I2C_Master_Rx_Arduino.o
 .debug_macro   0x0000299a       0x1c ./Src/005I2C_Master_Rx_Arduino.o
 .debug_macro   0x000029b6      0x177 ./Src/005I2C_Master_Rx_Arduino.o
 .debug_macro   0x00002b2d       0x16 ./Src/005I2C_Master_Rx_Arduino.o
 .debug_macro   0x00002b43       0x16 ./Src/005I2C_Master_Rx_Arduino.o
 .debug_macro   0x00002b59      0x146 ./Src/005I2C_Master_Rx_Arduino.o
 .debug_macro   0x00002c9f       0x16 ./Src/005I2C_Master_Rx_Arduino.o
 .debug_macro   0x00002cb5       0x35 ./Src/005I2C_Master_Rx_Arduino.o
 .debug_macro   0x00002cea       0x20 ./Src/005I2C_Master_Rx_Arduino.o
 .debug_macro   0x00002d0a      0x7aa ./Src/005I2C_Master_Rx_Arduino.o

.debug_line     0x00000000     0x25aa
 .debug_line    0x00000000      0xa04 ./Drivers/Src/stm32f407xx_gpio_driver.o
 .debug_line    0x00000a04      0xdc1 ./Drivers/Src/stm32f407xx_i2c_driver.o
 .debug_line    0x000017c5      0x5f4 ./Drivers/Src/stm32f407xx_rcc_driver.o
 .debug_line    0x00001db9      0x776 ./Src/005I2C_Master_Rx_Arduino.o
 .debug_line    0x0000252f       0x7b ./Startup/startup_stm32f407vgtx.o

.debug_str      0x00000000     0xb475
 .debug_str     0x00000000     0x77c3 ./Drivers/Src/stm32f407xx_gpio_driver.o
                               0x79d6 (size before relaxing)
 .debug_str     0x000077c3      0x396 ./Drivers/Src/stm32f407xx_i2c_driver.o
                               0x7b2d (size before relaxing)
 .debug_str     0x00007b59       0xa6 ./Drivers/Src/stm32f407xx_rcc_driver.o
                               0x77f9 (size before relaxing)
 .debug_str     0x00007bff     0x3837 ./Src/005I2C_Master_Rx_Arduino.o
                               0xb083 (size before relaxing)
 .debug_str     0x0000b436       0x3f ./Startup/startup_stm32f407vgtx.o
                                 0x77 (size before relaxing)

.comment        0x00000000       0x43
 .comment       0x00000000       0x43 ./Drivers/Src/stm32f407xx_gpio_driver.o
                                 0x44 (size before relaxing)
 .comment       0x00000043       0x44 ./Drivers/Src/stm32f407xx_i2c_driver.o
 .comment       0x00000043       0x44 ./Drivers/Src/stm32f407xx_rcc_driver.o
 .comment       0x00000043       0x44 ./Src/005I2C_Master_Rx_Arduino.o

.debug_frame    0x00000000      0x6f8
 .debug_frame   0x00000000      0x1c8 ./Drivers/Src/stm32f407xx_gpio_driver.o
 .debug_frame   0x000001c8      0x3d0 ./Drivers/Src/stm32f407xx_i2c_driver.o
 .debug_frame   0x00000598       0x78 ./Drivers/Src/stm32f407xx_rcc_driver.o
 .debug_frame   0x00000610       0xbc ./Src/005I2C_Master_Rx_Arduino.o
 .debug_frame   0x000006cc       0x2c C:/ST/STM32CubeIDE_1.14.1/STM32CubeIDE/plugins/com.st.stm32cube.ide.mcu.externaltools.gnu-tools-for-stm32.12.3.rel1.win32_1.0.100.202403111256/tools/bin/../lib/gcc/arm-none-eabi/12.3.1/../../../../arm-none-eabi/lib/thumb/v7e-m+fp/hard\libc_nano.a(libc_a-init.o)

.debug_line_str
                0x00000000       0x5b
 .debug_line_str
                0x00000000       0x5b ./Startup/startup_stm32f407vgtx.o
