Archive member included to satisfy reference by file (symbol)

C:/ST/STM32CubeIDE_1.14.1/STM32CubeIDE/plugins/com.st.stm32cube.ide.mcu.externaltools.gnu-tools-for-stm32.12.3.rel1.win32_1.0.100.202403111256/tools/bin/../lib/gcc/arm-none-eabi/12.3.1/../../../../arm-none-eabi/lib/thumb/v7e-m+fp/hard\libc_nano.a(libc_a-exit.o)
                              C:/ST/STM32CubeIDE_1.14.1/STM32CubeIDE/plugins/com.st.stm32cube.ide.mcu.externaltools.gnu-tools-for-stm32.12.3.rel1.win32_1.0.100.202403111256/tools/bin/../lib/gcc/arm-none-eabi/12.3.1/../../../../arm-none-eabi/lib/thumb/v7e-m+fp/hard/crt0.o (exit)
C:/ST/STM32CubeIDE_1.14.1/STM32CubeIDE/plugins/com.st.stm32cube.ide.mcu.externaltools.gnu-tools-for-stm32.12.3.rel1.win32_1.0.100.202403111256/tools/bin/../lib/gcc/arm-none-eabi/12.3.1/../../../../arm-none-eabi/lib/thumb/v7e-m+fp/hard\libc_nano.a(libc_a-findfp.o)
                              C:/ST/STM32CubeIDE_1.14.1/STM32CubeIDE/plugins/com.st.stm32cube.ide.mcu.externaltools.gnu-tools-for-stm32.12.3.rel1.win32_1.0.100.202403111256/tools/bin/../lib/gcc/arm-none-eabi/12.3.1/../../../../arm-none-eabi/lib/thumb/v7e-m+fp/hard\libc_nano.a(libc_a-exit.o) (__stdio_exit_handler)
C:/ST/STM32CubeIDE_1.14.1/STM32CubeIDE/plugins/com.st.stm32cube.ide.mcu.externaltools.gnu-tools-for-stm32.12.3.rel1.win32_1.0.100.202403111256/tools/bin/../lib/gcc/arm-none-eabi/12.3.1/../../../../arm-none-eabi/lib/thumb/v7e-m+fp/hard\libc_nano.a(libc_a-fwalk.o)
                              C:/ST/STM32CubeIDE_1.14.1/STM32CubeIDE/plugins/com.st.stm32cube.ide.mcu.externaltools.gnu-tools-for-stm32.12.3.rel1.win32_1.0.100.202403111256/tools/bin/../lib/gcc/arm-none-eabi/12.3.1/../../../../arm-none-eabi/lib/thumb/v7e-m+fp/hard\libc_nano.a(libc_a-findfp.o) (_fwalk_sglue)
C:/ST/STM32CubeIDE_1.14.1/STM32CubeIDE/plugins/com.st.stm32cube.ide.mcu.externaltools.gnu-tools-for-stm32.12.3.rel1.win32_1.0.100.202403111256/tools/bin/../lib/gcc/arm-none-eabi/12.3.1/../../../../arm-none-eabi/lib/thumb/v7e-m+fp/hard\libc_nano.a(libc_a-stdio.o)
                              C:/ST/STM32CubeIDE_1.14.1/STM32CubeIDE/plugins/com.st.stm32cube.ide.mcu.externaltools.gnu-tools-for-stm32.12.3.rel1.win32_1.0.100.202403111256/tools/bin/../lib/gcc/arm-none-eabi/12.3.1/../../../../arm-none-eabi/lib/thumb/v7e-m+fp/hard\libc_nano.a(libc_a-findfp.o) (__sread)
C:/ST/STM32CubeIDE_1.14.1/STM32CubeIDE/plugins/com.st.stm32cube.ide.mcu.externaltools.gnu-tools-for-stm32.12.3.rel1.win32_1.0.100.202403111256/tools/bin/../lib/gcc/arm-none-eabi/12.3.1/../../../../arm-none-eabi/lib/thumb/v7e-m+fp/hard\libc_nano.a(libc_a-memset.o)
                              C:/ST/STM32CubeIDE_1.14.1/STM32CubeIDE/plugins/com.st.stm32cube.ide.mcu.externaltools.gnu-tools-for-stm32.12.3.rel1.win32_1.0.100.202403111256/tools/bin/../lib/gcc/arm-none-eabi/12.3.1/../../../../arm-none-eabi/lib/thumb/v7e-m+fp/hard/crt0.o (memset)
C:/ST/STM32CubeIDE_1.14.1/STM32CubeIDE/plugins/com.st.stm32cube.ide.mcu.externaltools.gnu-tools-for-stm32.12.3.rel1.win32_1.0.100.202403111256/tools/bin/../lib/gcc/arm-none-eabi/12.3.1/../../../../arm-none-eabi/lib/thumb/v7e-m+fp/hard\libc_nano.a(libc_a-closer.o)
                              C:/ST/STM32CubeIDE_1.14.1/STM32CubeIDE/plugins/com.st.stm32cube.ide.mcu.externaltools.gnu-tools-for-stm32.12.3.rel1.win32_1.0.100.202403111256/tools/bin/../lib/gcc/arm-none-eabi/12.3.1/../../../../arm-none-eabi/lib/thumb/v7e-m+fp/hard\libc_nano.a(libc_a-stdio.o) (_close_r)
C:/ST/STM32CubeIDE_1.14.1/STM32CubeIDE/plugins/com.st.stm32cube.ide.mcu.externaltools.gnu-tools-for-stm32.12.3.rel1.win32_1.0.100.202403111256/tools/bin/../lib/gcc/arm-none-eabi/12.3.1/../../../../arm-none-eabi/lib/thumb/v7e-m+fp/hard\libc_nano.a(libc_a-reent.o)
                              C:/ST/STM32CubeIDE_1.14.1/STM32CubeIDE/plugins/com.st.stm32cube.ide.mcu.externaltools.gnu-tools-for-stm32.12.3.rel1.win32_1.0.100.202403111256/tools/bin/../lib/gcc/arm-none-eabi/12.3.1/../../../../arm-none-eabi/lib/thumb/v7e-m+fp/hard\libc_nano.a(libc_a-closer.o) (errno)
C:/ST/STM32CubeIDE_1.14.1/STM32CubeIDE/plugins/com.st.stm32cube.ide.mcu.externaltools.gnu-tools-for-stm32.12.3.rel1.win32_1.0.100.202403111256/tools/bin/../lib/gcc/arm-none-eabi/12.3.1/../../../../arm-none-eabi/lib/thumb/v7e-m+fp/hard\libc_nano.a(libc_a-impure.o)
                              C:/ST/STM32CubeIDE_1.14.1/STM32CubeIDE/plugins/com.st.stm32cube.ide.mcu.externaltools.gnu-tools-for-stm32.12.3.rel1.win32_1.0.100.202403111256/tools/bin/../lib/gcc/arm-none-eabi/12.3.1/../../../../arm-none-eabi/lib/thumb/v7e-m+fp/hard\libc_nano.a(libc_a-reent.o) (_impure_ptr)
C:/ST/STM32CubeIDE_1.14.1/STM32CubeIDE/plugins/com.st.stm32cube.ide.mcu.externaltools.gnu-tools-for-stm32.12.3.rel1.win32_1.0.100.202403111256/tools/bin/../lib/gcc/arm-none-eabi/12.3.1/../../../../arm-none-eabi/lib/thumb/v7e-m+fp/hard\libc_nano.a(libc_a-lseekr.o)
[...]
Memory Configuration

Name             Origin             Length             Attributes
CCMRAM           0x10000000         0x00010000         xrw
RAM              0x20000000         0x00020000         xrw
FLASH            0x08000000         0x00100000         xr
*default*        0x00000000         0xffffffff

Linker script and memory map

LOAD C:/ST/STM32CubeIDE_1.14.1/STM32CubeIDE/plugins/com.st.stm32cube.ide.mcu.externaltools.gnu-tools-for-stm32.12.3.rel1.win32_1.0.100.202403111256/tools/bin/../lib/gcc/arm-none-eabi/12.3.1/thumb/v7e-m+fp/hard/crti.o
LOAD C:/ST/STM32CubeIDE_1.14.1/STM32CubeIDE/plugins/com.st.stm32cube.ide.mcu.externaltools.gnu-tools-for-stm32.12.3.rel1.win32_1.0.100.202403111256/tools/bin/../lib/gcc/arm-none-eabi/12.3.1/thumb/v7e-m+fp/hard/crtbegin.o
LOAD C:/ST/STM32CubeIDE_1.14.1/STM32CubeIDE/plugins/com.st.stm32cube.ide.mcu.externaltools.gnu-tools-for-stm32.12.3.rel1.win32_1.0.100.202403111256/tools/bin/../lib/gcc/arm-none-eabi/12.3.1/../../../../arm-none-eabi/lib/thumb/v7e-m+fp/hard/crt0.o
LOAD ./Drivers/Src/stm32f407xx_gpio_driver.o
LOAD ./Drivers/Src/stm32f407xx_i2c_driver.o
LOAD ./Drivers/Src/stm32f407xx_rcc_driver.o
LOAD ./Drivers/Src/stm32f407xx_spi_driver.o
LOAD ./Drivers/Src/stm32f407xx_usart_driver.o
LOAD ./Src/003SPI_CMD_Handling.o
LOAD ./Src/006USART_TTL_TO_USB.o
LOAD ./Src/syscalls.o
LOAD ./Src/sysmem.o
LOAD ./Startup/startup_stm32f407vgtx.o
START GROUP
LOAD C:/ST/STM32CubeIDE_1.14.1/STM32CubeIDE/plugins/com.st.stm32cube.ide.mcu.externaltools.gnu-tools-for-stm32.12.3.rel1.win32_1.0.100.202403111256/tools/bin/../lib/gcc/arm-none-eabi/12.3.1/../../../../arm-none-eabi/lib/thumb/v7e-m+fp/hard\libc_nano.a
LOAD C:/ST/STM32CubeIDE_1.14.1/STM32CubeIDE/plugins/com.st.stm32cube.ide.mcu.externaltools.gnu-tools-for-stm32.12.3.rel1.win32_1.0.100.202403111256/tools/bin/../lib/gcc/arm-none-eabi/12.3.1/../../../../arm-none-eabi/lib/thumb/v7e-m+fp/hard\libm.a
END GROUP
START GROUP
LOAD C:/ST/STM32CubeIDE_1.14.1/STM32CubeIDE/plugins/com.st.stm32cube.ide.mcu.externaltools.gnu-tools-for-stm32.12.3.rel1.win32_1.0.100.202403111256/tools/bin/../lib/gcc/arm-none-eabi/12.3.1/thumb/v7e-m+fp/hard\libgcc.a
LOAD C:/ST/STM32CubeIDE_1.14.1/STM32CubeIDE/plugins/com.st.stm32cube.ide.mcu.externaltools.gnu-tools-for-stm32.12.3.rel1.win32_1.0.100.202403111256/tools/bin/../lib/gcc/arm-none-eabi/12.3.1/../../../../arm-none-eabi/lib/thumb/v7e-m+fp/hard\libc_nano.a
END GROUP
START GROUP
LOAD C:/ST/STM32CubeIDE_1.14.1/STM32CubeIDE/plugins/com.st.stm32cube.ide.mcu.externaltools.gnu-tools-for-stm32.12.3.rel1.win32_1.0.100.202403111256/tools/bin/../lib/gcc/arm-none-eabi/12.3.1/thumb/v7e-m+fp/hard\libgcc.a
LOAD C:/ST/STM32CubeIDE_1.14.1/STM32CubeIDE/plugins/com.st.stm32cube.ide.mcu.externaltools.gnu-tools-for-stm32.12.3.rel1.win32_1.0.100.202403111256/tools/bin/../lib/gcc/arm-none-eabi/12.3.1/../../../../arm-none-eabi/lib/thumb/v7e-m+fp/hard\libc_nano.a
LOAD C:/ST/STM32CubeIDE_1.14.1/STM32CubeIDE/plugins/com.st.stm32cube.ide.mcu.externaltools.gnu-tools-for-stm32.12.3.rel1.win32_1.0.100.202403111256/tools/bin/../lib/gcc/arm-none-eabi/12.3.1/../../../../arm-none-eabi/lib/thumb/v7e-m+fp/hard\libnosys.a
END GROUP
START GROUP
LOAD C:/ST/STM32CubeIDE_1.14.1/STM32CubeIDE/plugins/com.st.stm32cube.ide.mcu.externaltools.gnu-tools-for-stm32.12.3.rel1.win32_1.0.100.202403111256/tools/bin/../lib/gcc/arm-none-eabi/12.3.1/thumb/v7e-m+fp/hard\libgcc.a
LOAD C:/ST/STM32CubeIDE_1.14.1/STM32CubeIDE/plugins/com.st.stm32cube.ide.mcu.externaltools.gnu-tools-for-stm32.12.3.rel1.win32_1.0.100.202403111256/tools/bin/../lib/gcc/arm-none-eabi/12.3.1/../../../../arm-none-eabi/lib/thumb/v7e-m+fp/hard\libc_nano.a
LOAD C:/ST/STM32CubeIDE_1.14.1/STM32CubeIDE/plugins/com.st.stm32cube.ide.mcu.externaltools.gnu-tools-for-stm32.12.3.rel1.win32_1.0.100.202403111256/tools/bin/../lib/gcc/arm-none-eabi/12.3.1/../../../../arm-none-eabi/lib/thumb/v7e-m+fp/hard\libnosys.a
END GROUP
LOAD C:/ST/STM32CubeIDE_1.14.1/STM32CubeIDE/plugins/com.st.stm32cube.ide.mcu.externaltools.gnu-tools-for-stm32.12.3.rel1.win32_1.0.100.202403111256/tools/bin/../lib/gcc/arm-none-eabi/12.3.1/thumb/v7e-m+fp/hard/crtend.o
LOAD C:/ST/STM32CubeIDE_1.14.1/STM32CubeIDE/plugins/com.st.stm32cube.ide.mcu.externaltools.gnu-tools-for-stm32.12.3.rel1.win32_1.0.100.202403111256/tools/bin/../lib/gcc/arm-none-eabi/12.3.1/thumb/v7e-m+fp/hard/crtn.o
                0x20020000                        _estack = (ORIGIN (RAM) + LENGTH (RAM))
                0x00000200                        _Min_Heap_Size = 0x200
                0x00000400                        _Min_Stack_Size = 0x400

.isr_vector     0x08000000      0x188
                0x08000000                        . = ALIGN (0x4)
 *(.isr_vector)
 .isr_vector    0x08000000      0x188 ./Startup/startup_stm32f407vgtx.o
                0x08000000                g_pfnVectors
                0x08000188                        . = ALIGN (0x4)

.text           0x08000188      0xb34
                0x08000188                        . = ALIGN (0x4)
 *(.text)
 .text          0x08000188       0x40 C:/ST/STM32CubeIDE_1.14.1/STM32CubeIDE/plugins/com.st.stm32cube.ide.mcu.externaltools.gnu-tools-for-stm32.12.3.rel1.win32_1.0.100.202403111256/tools/bin/../lib/gcc/arm-none-eabi/12.3.1/thumb/v7e-m+fp/hard/crtbegin.o
 .text          0x080001c8       0x10 C:/ST/STM32CubeIDE_1.14.1/STM32CubeIDE/plugins/com.st.stm32cube.ide.mcu.externaltools.gnu-tools-for-stm32.12.3.rel1.win32_1.0.100.202403111256/tools/bin/../lib/gcc/arm-none-eabi/12.3.1/../../../../arm-none-eabi/lib/thumb/v7e-m+fp/hard\libc_nano.a(libc_a-strlen.o)
                0x080001c8                strlen
 *(.text*)
 .text.GPIO_PClk_Control
                0x080001d8      0x208 ./Drivers/Src/stm32f407xx_gpio_driver.o
                0x080001d8                GPIO_PClk_Control
 .text.GPIO_Init
                0x080003e0      0x344 ./Drivers/Src/stm32f407xx_gpio_driver.o
                0x080003e0                GPIO_Init
 .text.GPIO_ReadFromInputPin
                0x08000724       0x2a ./Drivers/Src/stm32f407xx_gpio_driver.o
                0x08000724                GPIO_ReadFromInputPin
 .text.GPIO_ToggleOutputPin
                0x0800074e       0x2a ./Drivers/Src/stm32f407xx_gpio_driver.o
                0x0800074e                GPIO_ToggleOutputPin
 .text.USART_PeriClockControl
                0x08000778      0x140 ./Drivers/Src/stm32f407xx_usart_driver.o
                0x08000778                USART_PeriClockControl
 .text.USART_Init
                0x080008b8       0xea ./Drivers/Src/stm32f407xx_usart_driver.o
                0x080008b8                USART_Init
 .text.USART_SendData
                0x080009a2       0x9c ./Drivers/Src/stm32f407xx_usart_driver.o
                0x080009a2                USART_SendData
 .text.USART_GetFlagStatus
                0x08000a3e       0x2a ./Drivers/Src/stm32f407xx_usart_driver.o
                0x08000a3e                USART_GetFlagStatus
 .text.USART_PeripheralControl
                0x08000a68       0x38 ./Drivers/Src/stm32f407xx_usart_driver.o
                0x08000a68                USART_PeripheralControl
 .text.USART4_Init
                0x08000aa0       0x44 ./Src/006USART_TTL_TO_USB.o
                0x08000aa0                USART4_Init
 .text.USART4_GPIOInit
                0x08000ae4       0x44 ./Src/006USART_TTL_TO_USB.o
                0x08000ae4                USART4_GPIOInit
 .text.GPIO_ButtonInit
                0x08000b28       0x54 ./Src/006USART_TTL_TO_USB.o
                0x08000b28                GPIO_ButtonInit
 .text.delay    0x08000b7c       0x2c ./Src/006USART_TTL_TO_USB.o
                0x08000b7c                delay
 .text.main     0x08000ba8       0x60 ./Src/006USART_TTL_TO_USB.o
                0x08000ba8                main
 .text.Reset_Handler
                0x08000c08       0x50 ./Startup/startup_stm32f407vgtx.o
                0x08000c08                Reset_Handler
 .text.Default_Handler
                0x08000c58        0x2 ./Startup/startup_stm32f407vgtx.o
                0x08000c58                RTC_Alarm_IRQHandler
                0x08000c58                HASH_RNG_IRQHandler
                0x08000c58                EXTI2_IRQHandler
                0x08000c58                TIM8_CC_IRQHandler
                0x08000c58                DebugMon_Handler
                0x08000c58                TIM1_CC_IRQHandler
                0x08000c58                DMA2_Stream5_IRQHandler
                0x08000c58                HardFault_Handler
                0x08000c58                DMA1_Stream5_IRQHandler
                0x08000c58                SysTick_Handler
                0x08000c58                PVD_IRQHandler
                0x08000c58                SDIO_IRQHandler
                0x08000c58                TAMP_STAMP_IRQHandler
                0x08000c58                PendSV_Handler
                0x08000c58                NMI_Handler
                0x08000c58                CAN2_RX1_IRQHandler
                0x08000c58                EXTI3_IRQHandler
                0x08000c58                TIM8_TRG_COM_TIM14_IRQHandler
                0x08000c58                TIM1_UP_TIM10_IRQHandler
                0x08000c58                TIM8_UP_TIM13_IRQHandler
                0x08000c58                I2C3_ER_IRQHandler
                0x08000c58                EXTI0_IRQHandler
                0x08000c58                I2C2_EV_IRQHandler
                0x08000c58                DMA1_Stream2_IRQHandler
                0x08000c58                CAN1_RX0_IRQHandler
                0x08000c58                FPU_IRQHandler
                0x08000c58                OTG_HS_WKUP_IRQHandler
                0x08000c58                UsageFault_Handler
                0x08000c58                CAN2_SCE_IRQHandler
                0x08000c58                DMA2_Stream2_IRQHandler
                0x08000c58                SPI1_IRQHandler
                0x08000c58                TIM6_DAC_IRQHandler
                0x08000c58                TIM1_BRK_TIM9_IRQHandler
                0x08000c58                DCMI_IRQHandler
                0x08000c58                CAN2_RX0_IRQHandler
                0x08000c58                DMA2_Stream3_IRQHandler
                0x08000c58                USART6_IRQHandler
                0x08000c58                USART3_IRQHandler
                0x08000c58                CRYP_IRQHandler
                0x08000c58                CAN1_RX1_IRQHandler
                0x08000c58                UART5_IRQHandler
                0x08000c58                DMA2_Stream0_IRQHandler
                0x08000c58                TIM4_IRQHandler
                0x08000c58                I2C1_EV_IRQHandler
                0x08000c58                DMA1_Stream6_IRQHandler
                0x08000c58                DMA1_Stream1_IRQHandler
                0x08000c58                UART4_IRQHandler
                0x08000c58                TIM3_IRQHandler
                0x08000c58                RCC_IRQHandler
                0x08000c58                TIM8_BRK_TIM12_IRQHandler
                0x08000c58                Default_Handler
                0x08000c58                EXTI15_10_IRQHandler
                0x08000c58                ADC_IRQHandler
                0x08000c58                DMA1_Stream7_IRQHandler
                0x08000c58                TIM7_IRQHandler
                0x08000c58                CAN2_TX_IRQHandler
                0x08000c58                TIM5_IRQHandler
                0x08000c58                DMA2_Stream7_IRQHandler
                0x08000c58                I2C3_EV_IRQHandler
                0x08000c58                EXTI9_5_IRQHandler
                0x08000c58                RTC_WKUP_IRQHandler
                0x08000c58                ETH_WKUP_IRQHandler
                0x08000c58                SPI2_IRQHandler
                0x08000c58                OTG_HS_EP1_IN_IRQHandler
                0x08000c58                MemManage_Handler
                0x08000c58                DMA1_Stream0_IRQHandler
                0x08000c58                CAN1_TX_IRQHandler
                0x08000c58                SVC_Handler
                0x08000c58                EXTI4_IRQHandler
                0x08000c58                FSMC_IRQHandler
                0x08000c58                ETH_IRQHandler
                0x08000c58                OTG_HS_EP1_OUT_IRQHandler
                0x08000c58                WWDG_IRQHandler
                0x08000c58                TIM2_IRQHandler
                0x08000c58                OTG_FS_WKUP_IRQHandler
                0x08000c58                TIM1_TRG_COM_TIM11_IRQHandler
                0x08000c58                OTG_HS_IRQHandler
                0x08000c58                EXTI1_IRQHandler
                0x08000c58                USART2_IRQHandler
                0x08000c58                I2C2_ER_IRQHandler
                0x08000c58                DMA2_Stream1_IRQHandler
                0x08000c58                CAN1_SCE_IRQHandler
                0x08000c58                DMA2_Stream4_IRQHandler
                0x08000c58                BusFault_Handler
                0x08000c58                USART1_IRQHandler
                0x08000c58                OTG_FS_IRQHandler
                0x08000c58                SPI3_IRQHandler
                0x08000c58                DMA1_Stream4_IRQHandler
                0x08000c58                I2C1_ER_IRQHandler
                0x08000c58                DMA2_Stream6_IRQHandler
                0x08000c58                DMA1_Stream3_IRQHandler
 *fill*         0x08000c5a        0x2 
 .text.__libc_init_array
                0x08000c5c       0x48 C:/ST/STM32CubeIDE_1.14.1/STM32CubeIDE/plugins/com.st.stm32cube.ide.mcu.externaltools.gnu-tools-for-stm32.12.3.rel1.win32_1.0.100.202403111256/tools/bin/../lib/gcc/arm-none-eabi/12.3.1/../../../../arm-none-eabi/lib/thumb/v7e-m+fp/hard\libc_nano.a(libc_a-init.o)
                0x08000c5c                __libc_init_array
 *(.glue_7)
 .glue_7        0x08000ca4        0x0 linker stubs
 *(.glue_7t)
 .glue_7t       0x08000ca4        0x0 linker stubs
 *(.eh_frame)
 .eh_frame      0x08000ca4        0x0 C:/ST/STM32CubeIDE_1.14.1/STM32CubeIDE/plugins/com.st.stm32cube.ide.mcu.externaltools.gnu-tools-for-stm32.12.3.rel1.win32_1.0.100.202403111256/tools/bin/../lib/gcc/arm-none-eabi/12.3.1/thumb/v7e-m+fp/hard/crtbegin.o
 *(.init)
 .init          0x08000ca4        0x4 C:/ST/STM32CubeIDE_1.14.1/STM32CubeIDE/plugins/com.st.stm32cube.ide.mcu.externaltools.gnu-tools-for-stm32.12.3.rel1.win32_1.0.100.202403111256/tools/bin/../lib/gcc/arm-none-eabi/12.3.1/thumb/v7e-m+fp/hard/crti.o
                0x08000ca4                _init
 .init          0x08000ca8        0x8 C:/ST/STM32CubeIDE_1.14.1/STM32CubeIDE/plugins/com.st.stm32cube.ide.mcu.externaltools.gnu-tools-for-stm32.12.3.rel1.win32_1.0.100.202403111256/tools/bin/../lib/gcc/arm-none-eabi/12.3.1/thumb/v7e-m+fp/hard/crtn.o
 *(.fini)
 .fini          0x08000cb0        0x4 C:/ST/STM32CubeIDE_1.14.1/STM32CubeIDE/plugins/com.st.stm32cube.ide.mcu.externaltools.gnu-tools-for-stm32.12.3.rel1.win32_1.0.100.202403111256/tools/bin/../lib/gcc/arm-none-eabi/12.3.1/thumb/v7e-m+fp/hard/crti.o
                0x08000cb0                _fini
 .fini          0x08000cb4        0x8 C:/ST/STM32CubeIDE_1.14.1/STM32CubeIDE/plugins/com.st.stm32cube.ide.mcu.externaltools.gnu-tools-for-stm32.12.3.rel1.win32_1.0.100.202403111256/tools/bin/../lib/gcc/arm-none-eabi/12.3.1/thumb/v7e-m+fp/hard/crtn.o
                0x08000cbc                        . = ALIGN (0x4)
                0x08000cbc                        _etext = .

.vfp11_veneer   0x08000cbc        0x0
 .vfp11_veneer  0x08000cbc        0x0 linker stubs

.v4_bx          0x08000cbc        0x0
 .v4_bx         0x08000cbc        0x0 linker stubs

.iplt           0x08000cbc        0x0
 .iplt          0x08000cbc        0x0 C:/ST/STM32CubeIDE_1.14.1/STM32CubeIDE/plugins/com.st.stm32cube.ide.mcu.externaltools.gnu-tools-for-stm32.12.3.rel1.win32_1.0.100.202403111256/tools/bin/../lib/gcc/arm-none-eabi/12.3.1/thumb/v7e-m+fp/hard/crtbegin.o

.rodata         0x08000cbc        0x0
                0x08000cbc                        . = ALIGN (0x4)
 *(.rodata)
 *(.rodata*)
                0x08000cbc                        . = ALIGN (0x4)

.ARM.extab      0x08000cbc        0x0
                0x08000cbc                        . = ALIGN (0x4)
 *(.ARM.extab* .gnu.linkonce.armextab.*)
                0x08000cbc                        . = ALIGN (0x4)

.ARM            0x08000cbc        0x8
                0x08000cbc                        . = ALIGN (0x4)
                0x08000cbc                        __exidx_start = .
 *(.ARM.exidx*)
 .ARM.exidx     0x08000cbc        0x8 C:/ST/STM32CubeIDE_1.14.1/STM32CubeIDE/plugins/com.st.stm32cube.ide.mcu.externaltools.gnu-tools-for-stm32.12.3.rel1.win32_1.0.100.202403111256/tools/bin/../lib/gcc/arm-none-eabi/12.3.1/../../../../arm-none-eabi/lib/thumb/v7e-m+fp/hard\libc_nano.a(libc_a-strlen.o)
                0x08000cc4                        __exidx_end = .
                0x08000cc4                        . = ALIGN (0x4)

.rel.dyn        0x08000cc4        0x0
 .rel.iplt      0x08000cc4        0x0 C:/ST/STM32CubeIDE_1.14.1/STM32CubeIDE/plugins/com.st.stm32cube.ide.mcu.externaltools.gnu-tools-for-stm32.12.3.rel1.win32_1.0.100.202403111256/tools/bin/../lib/gcc/arm-none-eabi/12.3.1/thumb/v7e-m+fp/hard/crtbegin.o

.preinit_array  0x08000cc4        0x0
                0x08000cc4                        . = ALIGN (0x4)
                0x08000cc4                        PROVIDE (__preinit_array_start = .)
 *(.preinit_array*)
                0x08000cc4                        PROVIDE (__preinit_array_end = .)
                0x08000cc4                        . = ALIGN (0x4)

.init_array     0x08000cc4        0x4
                0x08000cc4                        . = ALIGN (0x4)
                0x08000cc4                        PROVIDE (__init_array_start = .)
 *(SORT_BY_NAME(.init_array.*))
 *(.init_array*)
 .init_array    0x08000cc4        0x4 C:/ST/STM32CubeIDE_1.14.1/STM32CubeIDE/plugins/com.st.stm32cube.ide.mcu.externaltools.gnu-tools-for-stm32.12.3.rel1.win32_1.0.100.202403111256/tools/bin/../lib/gcc/arm-none-eabi/12.3.1/thumb/v7e-m+fp/hard/crtbegin.o
                0x08000cc8                        PROVIDE (__init_array_end = .)
                0x08000cc8                        . = ALIGN (0x4)

.fini_array     0x08000cc8        0x4
                0x08000cc8                        . = ALIGN (0x4)
                [!provide]                        PROVIDE (__fini_array_start = .)
 *(SORT_BY_NAME(.fini_array.*))
 *(.fini_array*)
 .fini_array    0x08000cc8        0x4 C:/ST/STM32CubeIDE_1.14.1/STM32CubeIDE/plugins/com.st.stm32cube.ide.mcu.externaltools.gnu-tools-for-stm32.12.3.rel1.win32_1.0.100.202403111256/tools/bin/../lib/gcc/arm-none-eabi/12.3.1/thumb/v7e-m+fp/hard/crtbegin.o
                [!provide]                        PROVIDE (__fini_array_end = .)
                0x08000ccc                        . = ALIGN (0x4)
                0x08000ccc                        _sidata = LOADADDR (.data)

.data           0x20000000      0x400 load address 0x08000ccc
                0x20000000                        . = ALIGN (0x4)
                0x20000000                        _sdata = .
 *(.data)
 *(.data*)
 .data.msg      0x20000000      0x400 ./Src/006USART_TTL_TO_USB.o
                0x20000000                msg
 *(.RamFunc)
 *(.RamFunc*)
                0x20000400                        . = ALIGN (0x4)
                0x20000400                        _edata = .
                0x080010cc                        _siccmram = LOADADDR (.ccmram)

.igot.plt       0x20000400        0x0 load address 0x080010cc
 .igot.plt      0x20000400        0x0 C:/ST/STM32CubeIDE_1.14.1/STM32CubeIDE/plugins/com.st.stm32cube.ide.mcu.externaltools.gnu-tools-for-stm32.12.3.rel1.win32_1.0.100.202403111256/tools/bin/../lib/gcc/arm-none-eabi/12.3.1/thumb/v7e-m+fp/hard/crtbegin.o

.ccmram         0x10000000        0x0 load address 0x080010cc
                0x10000000                        . = ALIGN (0x4)
                0x10000000                        _sccmram = .
 *(.ccmram)
 *(.ccmram*)
                0x10000000                        . = ALIGN (0x4)
                0x10000000                        _eccmram = .
                0x10000000                        . = ALIGN (0x4)

.bss            0x20000400       0x40
                0x20000400                        _sbss = .
                0x20000400                        __bss_start__ = _sbss
 *(.bss)
 .bss           0x20000400       0x1c C:/ST/STM32CubeIDE_1.14.1/STM32CubeIDE/plugins/com.st.stm32cube.ide.mcu.externaltools.gnu-tools-for-stm32.12.3.rel1.win32_1.0.100.202403111256/tools/bin/../lib/gcc/arm-none-eabi/12.3.1/thumb/v7e-m+fp/hard/crtbegin.o
 *(.bss*)
 .bss.usart4_handle
                0x2000041c       0x24 ./Src/006USART_TTL_TO_USB.o
                0x2000041c                usart4_handle
 *(COMMON)
                0x20000440                        . = ALIGN (0x4)
                0x20000440                        _ebss = .
                0x20000440                        __bss_end__ = _ebss

._user_heap_stack
                0x20000440      0x600
                0x20000440                        . = ALIGN (0x8)
                [!provide]                        PROVIDE (end = .)
                0x20000440                        PROVIDE (_end = .)
                0x20000640                        . = (. + _Min_Heap_Size)
 *fill*         0x20000440      0x200 
                0x20000a40                        . = (. + _Min_Stack_Size)
 *fill*         0x20000640      0x400 
                0x20000a40                        . = ALIGN (0x8)

/DISCARD/
 libc.a(*)
 libm.a(*)
 libgcc.a(*)

.ARM.attributes
                0x00000000       0x30
 *(.ARM.attributes)
 .ARM.attributes
                0x00000000       0x22 C:/ST/STM32CubeIDE_1.14.1/STM32CubeIDE/plugins/com.st.stm32cube.ide.mcu.externaltools.gnu-tools-for-stm32.12.3.rel1.win32_1.0.100.202403111256/tools/bin/../lib/gcc/arm-none-eabi/12.3.1/thumb/v7e-m+fp/hard/crti.o
 .ARM.attributes
                0x00000022       0x34 C:/ST/STM32CubeIDE_1.14.1/STM32CubeIDE/plugins/com.st.stm32cube.ide.mcu.externaltools.gnu-tools-for-stm32.12.3.rel1.win32_1.0.100.202403111256/tools/bin/../lib/gcc/arm-none-eabi/12.3.1/thumb/v7e-m+fp/hard/crtbegin.o
 .ARM.attributes
                0x00000056       0x34 ./Drivers/Src/stm32f407xx_gpio_driver.o
 .ARM.attributes
                0x0000008a       0x34 ./Drivers/Src/stm32f407xx_usart_driver.o
 .ARM.attributes
                0x000000be       0x34 ./Src/006USART_TTL_TO_USB.o
 .ARM.attributes
                0x000000f2       0x21 ./Startup/startup_stm32f407vgtx.o
 .ARM.attributes
                0x00000113       0x34 C:/ST/STM32CubeIDE_1.14.1/STM32CubeIDE/plugins/com.st.stm32cube.ide.mcu.externaltools.gnu-tools-for-stm32.12.3.rel1.win32_1.0.100.202403111256/tools/bin/../lib/gcc/arm-none-eabi/12.3.1/../../../../arm-none-eabi/lib/thumb/v7e-m+fp/hard\libc_nano.a(libc_a-init.o)
 .ARM.attributes
                0x00000147       0x17 C:/ST/STM32CubeIDE_1.14.1/STM32CubeIDE/plugins/com.st.stm32cube.ide.mcu.externaltools.gnu-tools-for-stm32.12.3.rel1.win32_1.0.100.202403111256/tools/bin/../lib/gcc/arm-none-eabi/12.3.1/../../../../arm-none-eabi/lib/thumb/v7e-m+fp/hard\libc_nano.a(libc_a-strlen.o)
 .ARM.attributes
                0x0000015e       0x22 C:/ST/STM32CubeIDE_1.14.1/STM32CubeIDE/plugins/com.st.stm32cube.ide.mcu.externaltools.gnu-tools-for-stm32.12.3.rel1.win32_1.0.100.202403111256/tools/bin/../lib/gcc/arm-none-eabi/12.3.1/thumb/v7e-m+fp/hard/crtn.o
OUTPUT(STM32F407xx driver.elf elf32-littlearm)
LOAD linker stubs
LOAD C:/ST/STM32CubeIDE_1.14.1/STM32CubeIDE/plugins/com.st.stm32cube.ide.mcu.externaltools.gnu-tools-for-stm32.12.3.rel1.win32_1.0.100.202403111256/tools/bin/../lib/gcc/arm-none-eabi/12.3.1/../../../../arm-none-eabi/lib/thumb/v7e-m+fp/hard\libc.a
LOAD C:/ST/STM32CubeIDE_1.14.1/STM32CubeIDE/plugins/com.st.stm32cube.ide.mcu.externaltools.gnu-tools-for-stm32.12.3.rel1.win32_1.0.100.202403111256/tools/bin/../lib/gcc/arm-none-eabi/12.3.1/../../../../arm-none-eabi/lib/thumb/v7e-m+fp/hard\libm.a
LOAD C:/ST/STM32CubeIDE_1.14.1/STM32CubeIDE/plugins/com.st.stm32cube.ide.mcu.externaltools.gnu-tools-for-stm32.12.3.rel1.win32_1.0.100.202403111256/tools/bin/../lib/gcc/arm-none-eabi/12.3.1/thumb/v7e-m+fp/hard\libgcc.a

.debug_info     0x00000000     0x13b6
 .debug_info    0x00000000      0x6ee ./Drivers/Src/stm32f407xx_gpio_driver.o
 .debug_info    0x000006ee      0x7d1 ./Drivers/Src/stm32f407xx_usart_driver.o
 .debug_info    0x00000ebf      0x4c7 ./Src/006USART_TTL_TO_USB.o
 .debug_info    0x00001386       0x30 ./Startup/startup_stm32f407vgtx.o

.debug_abbrev   0x00000000      0x50e
 .debug_abbrev  0x00000000      0x17a ./Drivers/Src/stm32f407xx_gpio_driver.o
 .debug_abbrev  0x0000017a      0x1db ./Drivers/Src/stm32f407xx_usart_driver.o
 .debug_abbrev  0x00000355      0x195 ./Src/006USART_TTL_TO_USB.o
 .debug_abbrev  0x000004ea       0x24 ./Startup/startup_stm32f407vgtx.o

.debug_aranges  0x00000000      0x160
 .debug_aranges
                0x00000000       0x70 ./Drivers/Src/stm32f407xx_gpio_driver.o
 .debug_aranges
                0x00000070       0x88 ./Drivers/Src/stm32f407xx_usart_driver.o
 .debug_aranges
                0x000000f8       0x40 ./Src/006USART_TTL_TO_USB.o
 .debug_aranges
                0x00000138       0x28 ./Startup/startup_stm32f407vgtx.o

.debug_rnglists
                0x00000000      0x100
 .debug_rnglists
                0x00000000       0x53 ./Drivers/Src/stm32f407xx_gpio_driver.o
 .debug_rnglists
                0x00000053       0x69 ./Drivers/Src/stm32f407xx_usart_driver.o
 .debug_rnglists
                0x000000bc       0x2b ./Src/006USART_TTL_TO_USB.o
 .debug_rnglists
                0x000000e7       0x19 ./Startup/startup_stm32f407vgtx.o

.debug_macro    0x00000000     0x341c
 .debug_macro   0x00000000       0xcc ./Drivers/Src/stm32f407xx_gpio_driver.o
 .debug_macro   0x000000cc      0xac0 ./Drivers/Src/stm32f407xx_gpio_driver.o
 .debug_macro   0x00000b8c       0x22 ./Drivers/Src/stm32f407xx_gpio_driver.o
 .debug_macro   0x00000bae       0x8e ./Drivers/Src/stm32f407xx_gpio_driver.o
 .debug_macro   0x00000c3c       0x51 ./Drivers/Src/stm32f407xx_gpio_driver.o
 .debug_macro   0x00000c8d      0x103 ./Drivers/Src/stm32f407xx_gpio_driver.o
 .debug_macro   0x00000d90       0x6a ./Drivers/Src/stm32f407xx_gpio_driver.o
 .debug_macro   0x00000dfa      0x1df ./Drivers/Src/stm32f407xx_gpio_driver.o
 .debug_macro   0x00000fd9      0x189 ./Drivers/Src/stm32f407xx_gpio_driver.o
 .debug_macro   0x00001162      0x7aa ./Drivers/Src/stm32f407xx_gpio_driver.o
 .debug_macro   0x0000190c       0xca ./Drivers/Src/stm32f407xx_gpio_driver.o
 .debug_macro   0x000019d6       0xd0 ./Drivers/Src/stm32f407xx_gpio_driver.o
 .debug_macro   0x00001aa6      0x106 ./Drivers/Src/stm32f407xx_gpio_driver.o
 .debug_macro   0x00001bac      0x124 ./Drivers/Src/stm32f407xx_gpio_driver.o
 .debug_macro   0x00001cd0       0xcc ./Drivers/Src/stm32f407xx_usart_driver.o
 .debug_macro   0x00001d9c      0x100 ./Drivers/Src/stm32f407xx_usart_driver.o
 .debug_macro   0x00001e9c      0x1c4 ./Src/006USART_TTL_TO_USB.o
 .debug_macro   0x00002060       0x5b ./Src/006USART_TTL_TO_USB.o
 .debug_macro   0x000020bb       0x2a ./Src/006USART_TTL_TO_USB.o
 .debug_macro   0x000020e5       0x94 ./Src/006USART_TTL_TO_USB.o
 .debug_macro   0x00002179       0x43 ./Src/006USART_TTL_TO_USB.o
 .debug_macro   0x000021bc       0x34 ./Src/006USART_TTL_TO_USB.o
 .debug_macro   0x000021f0       0x16 ./Src/006USART_TTL_TO_USB.o
 .debug_macro   0x00002206       0x57 ./Src/006USART_TTL_TO_USB.o
 .debug_macro   0x0000225d       0x9e ./Src/006USART_TTL_TO_USB.o
 .debug_macro   0x000022fb      0x369 ./Src/006USART_TTL_TO_USB.o
 .debug_macro   0x00002664      0x10b ./Src/006USART_TTL_TO_USB.o
 .debug_macro   0x0000276f       0x10 ./Src/006USART_TTL_TO_USB.o
 .debug_macro   0x0000277f       0x16 ./Src/006USART_TTL_TO_USB.o
 .debug_macro   0x00002795       0x43 ./Src/006USART_TTL_TO_USB.o
 .debug_macro   0x000027d8       0x34 ./Src/006USART_TTL_TO_USB.o
 .debug_macro   0x0000280c       0x10 ./Src/006USART_TTL_TO_USB.o
 .debug_macro   0x0000281c       0x58 ./Src/006USART_TTL_TO_USB.o
 .debug_macro   0x00002874       0x8e ./Src/006USART_TTL_TO_USB.o
 .debug_macro   0x00002902       0x1c ./Src/006USART_TTL_TO_USB.o
 .debug_macro   0x0000291e      0x177 ./Src/006USART_TTL_TO_USB.o
 .debug_macro   0x00002a95       0x16 ./Src/006USART_TTL_TO_USB.o
 .debug_macro   0x00002aab       0x16 ./Src/006USART_TTL_TO_USB.o
 .debug_macro   0x00002ac1      0x146 ./Src/006USART_TTL_TO_USB.o
 .debug_macro   0x00002c07       0x16 ./Src/006USART_TTL_TO_USB.o
 .debug_macro   0x00002c1d       0x35 ./Src/006USART_TTL_TO_USB.o
 .debug_macro   0x00002c52       0x20 ./Src/006USART_TTL_TO_USB.o
 .debug_macro   0x00002c72      0x7aa ./Src/006USART_TTL_TO_USB.o

.debug_line     0x00000000     0x1e05
 .debug_line    0x00000000      0xa04 ./Drivers/Src/stm32f407xx_gpio_driver.o
 .debug_line    0x00000a04      0xc0b ./Drivers/Src/stm32f407xx_usart_driver.o
 .debug_line    0x0000160f      0x77b ./Src/006USART_TTL_TO_USB.o
 .debug_line    0x00001d8a       0x7b ./Startup/startup_stm32f407vgtx.o

.debug_str      0x00000000     0xb2c8
 .debug_str     0x00000000     0x77c3 ./Drivers/Src/stm32f407xx_gpio_driver.o
                               0x79d6 (size before relaxing)
 .debug_str     0x000077c3      0x2ae ./Drivers/Src/stm32f407xx_usart_driver.o
                               0x7a4e (size before relaxing)
 .debug_str     0x00007a71     0x3818 ./Src/006USART_TTL_TO_USB.o
                               0xb075 (size before relaxing)
 .debug_str     0x0000b289       0x3f ./Startup/startup_stm32f407vgtx.o
                                 0x77 (size before relaxing)

.comment        0x00000000       0x43
 .comment       0x00000000       0x43 ./Drivers/Src/stm32f407xx_gpio_driver.o
                                 0x44 (size before relaxing)
 .comment       0x00000043       0x44 ./Drivers/Src/stm32f407xx_usart_driver.o
 .comment       0x00000043       0x44 ./Src/006USART_TTL_TO_USB.o

.debug_frame    0x00000000      0x4dc
 .debug_frame   0x00000000      0x1c8 ./Drivers/Src/stm32f407xx_gpio_driver.o
 .debug_frame   0x000001c8      0x230 ./Drivers/Src/stm32f407xx_usart_driver.o
 .debug_frame   0x000003f8       0xb8 ./Src/006USART_TTL_TO_USB.o
 .debug_frame   0x000004b0       0x2c C:/ST/STM32CubeIDE_1.14.1/STM32CubeIDE/plugins/com.st.stm32cube.ide.mcu.externaltools.gnu-tools-for-stm32.12.3.rel1.win32_1.0.100.202403111256/tools/bin/../lib/gcc/arm-none-eabi/12.3.1/../../../../arm-none-eabi/lib/thumb/v7e-m+fp/hard\libc_nano.a(libc_a-init.o)

.debug_line_str
                0x00000000       0x5b
 .debug_line_str
                0x00000000       0x5b ./Startup/startup_stm32f407vgtx.o
