../Drivers/Src/stm32f407xx_usart_driver.c:12:6:USART_PeriClockControl	16	static
../Drivers/Src/stm32f407xx_usart_driver.c:46:6:USART_Init	24	static
../Drivers/Src/stm32f407xx_usart_driver.c:138:6:USART_DeInit	16	static
../Drivers/Src/stm32f407xx_usart_driver.c:173:6:USART_SendData	32	static
../Drivers/Src/stm32f407xx_usart_driver.c:235:6:USART_ReceiveData	32	static
../Drivers/Src/stm32f407xx_usart_driver.c:312:9:USART_SendDataIT	32	static
../Drivers/Src/stm32f407xx_usart_driver.c:351:9:USART_ReceiveDataIT	32	static
../Drivers/Src/stm32f407xx_usart_driver.c:375:6:USART_IRQInterruptConfig	16	static
../Drivers/Src/stm32f407xx_usart_driver.c:399:6:USART_IRQPriorityConfig	24	static
../Drivers/Src/stm32f407xx_usart_driver.c:406:6:USART_IRQHandling	32	static
../Drivers/Src/stm32f407xx_usart_driver.c:714:9:USART_GetFlagStatus	16	static
../Drivers/Src/stm32f407xx_usart_driver.c:721:6:USART_PeripheralControl	16	static
../Drivers/Src/stm32f407xx_usart_driver.c:728:6:USART_SetBaudRate	40	static
../Drivers/Src/stm32f407xx_usart_driver.c:805:13:USART_ApplicationEventCallback	16	static
